qwerty
some changes
